Tried different inputs and it gave 1355937 each time

PS F:\Users\Customer\Desktop\Computer Science Uni\_Final year dissertation\PlantIdentifier> python load_model.py
2022-04-07 23:57:53.018886: W tensorflow/core/common_runtime/gpu/gpu_device.cc:1850] Cannot dlopen some GPU libraries. Please make sure the missing libraries mentioned above are installed properly 
if you would like to use GPU. Follow the guide at https://www.tensorflow.org/install/gpu for how to download and setup the required libraries for your platform.
Skipping registering GPU devices...
2022-04-07 23:57:53.043661: I tensorflow/core/platform/cpu_feature_guard.cc:151] This TensorFlow binary is optimized with oneAPI Deep Neural Network Library (oneDNN) to use the following CPU instructions in performance-critical operations:  AVX
To enable them in other operations, rebuild TensorFlow with the appropriate compiler flags.
Prediction: 1355937, with a confidence of 0.45560572
PS F:\Users\Customer\Desktop\Computer Science Uni\_Final year dissertation\PlantIdentifier> python load_model.py
2022-04-08 00:00:16.273494: W tensorflow/core/common_runtime/gpu/gpu_device.cc:1850] Cannot dlopen some GPU libraries. Please make sure the missing libraries mentioned above are installed properly 
if you would like to use GPU. Follow the guide at https://www.tensorflow.org/install/gpu for how to download and setup the required libraries for your platform.
Skipping registering GPU devices...
2022-04-08 00:00:16.301390: I tensorflow/core/platform/cpu_feature_guard.cc:151] This TensorFlow binary is optimized with oneAPI Deep Neural Network Library (oneDNN) to use the following CPU instructions in performance-critical operations:  AVX
To enable them in other operations, rebuild TensorFlow with the appropriate compiler flags.
Prediction: 1355937, with a confidence of 0.82714355
PS F:\Users\Customer\Desktop\Computer Science Uni\_Final year dissertation\PlantIdentifier> python load_model.py
2022-04-08 00:01:15.274757: W tensorflow/core/common_runtime/gpu/gpu_device.cc:1850] Cannot dlopen some GPU libraries. Please make sure the missing libraries mentioned above are installed properly 
if you would like to use GPU. Follow the guide at https://www.tensorflow.org/install/gpu for how to download and setup the required libraries for your platform.
Skipping registering GPU devices...
2022-04-08 00:01:15.291080: I tensorflow/core/platform/cpu_feature_guard.cc:151] This TensorFlow binary is optimized with oneAPI Deep Neural Network Library (oneDNN) to use the following CPU instructions in performance-critical operations:  AVX
To enable them in other operations, rebuild TensorFlow with the appropriate compiler flags.
Prediction: 1355937, with a confidence of 0.76891685
PS F:\Users\Customer\Desktop\Computer Science Uni\_Final year dissertation\PlantIdentifier> python load_model.py
2022-04-08 00:02:49.442928: W tensorflow/stream_executor/platform/default/dso_loader.cc:64] Could not load dynamic library 'cudnn64_8.dll'; dlerror: cudnn64_8.dll not found
2022-04-08 00:02:49.453392: W tensorflow/core/common_runtime/gpu/gpu_device.cc:1850] Cannot dlopen some GPU libraries. Please make sure the missing libraries mentioned above are installed properly 
if you would like to use GPU. Follow the guide at https://www.tensorflow.org/install/gpu for how to download and setup the required libraries for your platform.
Skipping registering GPU devices...
2022-04-08 00:02:49.475593: I tensorflow/core/platform/cpu_feature_guard.cc:151] This TensorFlow binary is optimized with oneAPI Deep Neural Network Library (oneDNN) to use the following CPU instructions in performance-critical operations:  AVX
To enable them in other operations, rebuild TensorFlow with the appropriate compiler flags.
Prediction: 1355937, with a confidence of 0.8556436
PS F:\Users\Customer\Desktop\Computer Science Uni\_Final year dissertation\PlantIdentifier> python load_model.py
2022-04-08 00:04:35.308167: W tensorflow/stream_executor/platform/default/dso_loader.cc:64] Could not load dynamic library 'cudnn64_8.dll'; dlerror: cudnn64_8.dll not found
2022-04-08 00:04:35.320708: W tensorflow/core/common_runtime/gpu/gpu_device.cc:1850] Cannot dlopen some GPU libraries. Please make sure the missing libraries mentioned above are installed properly 
if you would like to use GPU. Follow the guide at https://www.tensorflow.org/install/gpu for how to download and setup the required libraries for your platform.
Skipping registering GPU devices...
2022-04-08 00:04:35.355267: I tensorflow/core/platform/cpu_feature_guard.cc:151] This TensorFlow binary is optimized with oneAPI Deep Neural Network Library (oneDNN) to use the following CPU instructions in performance-critical operations:  AVX
To enable them in other operations, rebuild TensorFlow with the appropriate compiler flags.
Prediction: 1355937, with a confidence of 0.8358749
PS F:\Users\Customer\Desktop\Computer Science Uni\_Final year dissertation\PlantIdentifier>